---
source: rust/schema/tests/patch.rs
expression: "Fixture { old, new, ops, merged }"
---
old:
  type: Article
  authors:
    - type: AuthorRole
      author:
        type: Person
        givenNames:
          - Alice
      roleName: Importer
  content:
    - type: Paragraph
      content:
        - type: Text
          value:
            string: para1
            authorship:
              - - 1
                - 0
                - 5
      authors:
        - type: AuthorRole
          author:
            type: Person
            givenNames:
              - Alice
          roleName: Importer
    - type: Paragraph
      content:
        - type: Text
          value:
            string: para2
            authorship:
              - - 1
                - 0
                - 5
      authors:
        - type: AuthorRole
          author:
            type: Person
            givenNames:
              - Alice
          roleName: Importer
    - type: Paragraph
      content:
        - type: Text
          value:
            string: para3
            authorship:
              - - 1
                - 0
                - 5
      authors:
        - type: AuthorRole
          author:
            type: Person
            givenNames:
              - Alice
          roleName: Importer
    - type: Paragraph
      content:
        - type: Text
          value:
            string: para4
            authorship:
              - - 1
                - 0
                - 5
      authors:
        - type: AuthorRole
          author:
            type: Person
            givenNames:
              - Alice
          roleName: Importer
new:
  type: Article
  content:
    - type: Paragraph
      content:
        - type: Text
          value: para1
    - type: Paragraph
      content:
        - type: Text
          value: para2two
    - type: Paragraph
      content:
        - type: Text
          value: para3three
    - type: Paragraph
      content:
        - type: Text
          value: para4
merged:
  type: Article
  authors:
    - type: AuthorRole
      author:
        type: Person
        givenNames:
          - Alice
      roleName: Importer
    - type: AuthorRole
      author:
        type: Person
        givenNames:
          - Bob
      roleName: Writer
  content:
    - type: Paragraph
      content:
        - type: Text
          value:
            string: para1
            authorship:
              - - 1
                - 0
                - 5
      authors:
        - type: AuthorRole
          author:
            type: Person
            givenNames:
              - Alice
          roleName: Importer
    - type: Paragraph
      content:
        - type: Text
          value:
            string: para2two
            authorship:
              - - 1
                - 0
                - 5
              - - 1
                - 1
                - 3
      authors:
        - type: AuthorRole
          author:
            type: Person
            givenNames:
              - Alice
          roleName: Importer
        - type: AuthorRole
          author:
            type: Person
            givenNames:
              - Bob
          roleName: Writer
    - type: Paragraph
      content:
        - type: Text
          value:
            string: para3three
            authorship:
              - - 1
                - 0
                - 5
              - - 1
                - 1
                - 5
      authors:
        - type: AuthorRole
          author:
            type: Person
            givenNames:
              - Alice
          roleName: Importer
        - type: AuthorRole
          author:
            type: Person
            givenNames:
              - Bob
          roleName: Writer
    - type: Paragraph
      content:
        - type: Text
          value:
            string: para4
            authorship:
              - - 1
                - 0
                - 5
      authors:
        - type: AuthorRole
          author:
            type: Person
            givenNames:
              - Alice
          roleName: Importer
ops:
  - - - content
      - 1
      - content
      - 0
      - value
    - Apply:
        - Insert:
            - 5
            - two
  - - - content
      - 2
      - content
      - 0
      - value
    - Apply:
        - Insert:
            - 5
            - three
