---
source: rust/schema/tests/patch.rs
expression: "Fixture { old, new, ops, merged }"
---
old:
  type: Article
  authors:
    - type: AuthorRole
      author:
        type: Person
        givenNames:
          - Alice
      roleName: Importer
  content:
    - type: Admonition
      admonitionType: Tip
      title:
        - type: Text
          value:
            string: This is a tip.
            authorship:
              - - 1
                - 0
                - 14
      content:
        - type: Paragraph
          content:
            - type: Text
              value:
                string: Some interesting text.
                authorship:
                  - - 1
                    - 0
                    - 22
          authors:
            - type: AuthorRole
              author:
                type: Person
                givenNames:
                  - Alice
              roleName: Importer
      authors:
        - type: AuthorRole
          author:
            type: Person
            givenNames:
              - Alice
          roleName: Importer
new:
  type: Article
  content:
    - type: Admonition
      admonitionType: Tip
      title:
        - type: Text
          value: This is a tip.
      content:
        - type: Paragraph
          content:
            - type: Text
              value: Some interesting text.
        - type: Paragraph
          content:
            - type: Text
              value: And more.
merged:
  type: Article
  authors:
    - type: AuthorRole
      author:
        type: Person
        givenNames:
          - Alice
      roleName: Importer
    - type: AuthorRole
      author:
        type: Person
        givenNames:
          - Bob
      roleName: Writer
  content:
    - type: Admonition
      admonitionType: Tip
      title:
        - type: Text
          value:
            string: This is a tip.
            authorship:
              - - 1
                - 0
                - 14
      content:
        - type: Paragraph
          content:
            - type: Text
              value:
                string: Some interesting text.
                authorship:
                  - - 1
                    - 0
                    - 22
          authors:
            - type: AuthorRole
              author:
                type: Person
                givenNames:
                  - Alice
              roleName: Importer
        - type: Paragraph
          content:
            - type: Text
              value:
                string: And more.
                authorship:
                  - - 1
                    - 0
                    - 9
          authors:
            - type: AuthorRole
              author:
                type: Person
                givenNames:
                  - Bob
              roleName: Writer
      authors:
        - type: AuthorRole
          author:
            type: Person
            givenNames:
              - Alice
          roleName: Importer
        - type: AuthorRole
          author:
            type: Person
            givenNames:
              - Bob
          roleName: Writer
ops:
  - - - content
      - 0
      - content
    - Push:
        type: Paragraph
        content:
          - type: Text
            value: And more.
