---
source: rust/schema/tests/patch.rs
expression: "Fixture { old, new, ops, merged }"
---
old:
  type: Article
  authors:
    - type: AuthorRole
      author:
        type: Person
        givenNames:
          - Alice
      roleName: Importer
  content:
    - type: Claim
      claimType: Theorem
      content:
        - type: Paragraph
          content:
            - type: Text
              value:
                string: Relatively interesting.
                authorship:
                  - - 0
                    - 23
          authors:
            - type: AuthorRole
              author:
                type: Person
                givenNames:
                  - Alice
              roleName: Importer
        - type: MathBlock
          code:
            string: e = m*c^2
            authorship:
              - - 0
                - 9
          mathLanguage: latex
          authors:
            - type: AuthorRole
              author:
                type: Person
                givenNames:
                  - Alice
              roleName: Importer
      authors:
        - type: AuthorRole
          author:
            type: Person
            givenNames:
              - Alice
          roleName: Importer
new:
  type: Article
  content:
    - type: Claim
      claimType: Theorem
      content:
        - type: Paragraph
          content:
            - type: Text
              value: Relatively interesting.
        - type: MathBlock
          code: e = m*c^2
          mathLanguage: latex
        - type: Paragraph
          content:
            - type: Text
              value: May be true.
merged:
  type: Article
  authors:
    - type: AuthorRole
      author:
        type: Person
        givenNames:
          - Alice
      roleName: Importer
    - type: AuthorRole
      author:
        type: Person
        givenNames:
          - Bob
      roleName: Writer
  content:
    - type: Claim
      claimType: Theorem
      content:
        - type: Paragraph
          content:
            - type: Text
              value:
                string: Relatively interesting.
                authorship:
                  - - 0
                    - 23
          authors:
            - type: AuthorRole
              author:
                type: Person
                givenNames:
                  - Alice
              roleName: Importer
        - type: MathBlock
          code:
            string: e = m*c^2
            authorship:
              - - 0
                - 9
          mathLanguage: latex
          authors:
            - type: AuthorRole
              author:
                type: Person
                givenNames:
                  - Alice
              roleName: Importer
        - type: Paragraph
          content:
            - type: Text
              value:
                string: May be true.
                authorship:
                  - - 0
                    - 12
          authors:
            - type: AuthorRole
              author:
                type: Person
                givenNames:
                  - Bob
              roleName: Writer
      authors:
        - type: AuthorRole
          author:
            type: Person
            givenNames:
              - Alice
          roleName: Importer
        - type: AuthorRole
          author:
            type: Person
            givenNames:
              - Bob
          roleName: Writer
ops:
  - - - content
      - 0
      - content
    - Push:
        type: Paragraph
        content:
          - type: Text
            value: May be true.
