---
source: rust/schema/tests/patch.rs
expression: "Fixture { old, new, ops: patch.ops, merged }"
---
old:
  type: Article
  authors:
    - type: AuthorRole
      author:
        type: Person
        givenNames:
          - Alice
      roleName: Importer
  content:
    - type: InstructionBlock
      messages:
        - type: InstructionMessage
          parts:
            - type: Text
              value:
                string: more succinct
                authorship:
                  - - 1
                    - 0
                    - 0
                    - 13
      content:
        - type: Paragraph
          content:
            - type: Text
              value:
                string: A rather long winded paragraph.
                authorship:
                  - - 1
                    - 0
                    - 0
                    - 31
          authors:
            - type: AuthorRole
              author:
                type: Person
                givenNames:
                  - Alice
              roleName: Importer
      authors:
        - type: AuthorRole
          author:
            type: Person
            givenNames:
              - Alice
          roleName: Importer
new:
  type: Article
  content:
    - type: InstructionBlock
      messages:
        - type: InstructionMessage
          parts:
            - type: Text
              value: more succinct
      content:
        - type: Paragraph
          content:
            - type: Text
              value: A rather long winded paragraph that goes on and on.
merged:
  type: Article
  authors:
    - type: AuthorRole
      author:
        type: Person
        givenNames:
          - Alice
      roleName: Importer
    - type: AuthorRole
      author:
        type: Person
        givenNames:
          - Bob
      roleName: Writer
  content:
    - type: InstructionBlock
      messages:
        - type: InstructionMessage
          parts:
            - type: Text
              value:
                string: more succinct
                authorship:
                  - - 1
                    - 0
                    - 0
                    - 13
      content:
        - type: Paragraph
          content:
            - type: Text
              value:
                string: A rather long winded paragraph that goes on and on.
                authorship:
                  - - 1
                    - 0
                    - 0
                    - 30
                  - - 1
                    - 1
                    - 0
                    - 20
                  - - 1
                    - 0
                    - 0
                    - 1
          authors:
            - type: AuthorRole
              author:
                type: Person
                givenNames:
                  - Alice
              roleName: Importer
            - type: AuthorRole
              author:
                type: Person
                givenNames:
                  - Bob
              roleName: Writer
      authors:
        - type: AuthorRole
          author:
            type: Person
            givenNames:
              - Alice
          roleName: Importer
        - type: AuthorRole
          author:
            type: Person
            givenNames:
              - Bob
          roleName: Writer
ops:
  - - - content
      - 0
      - content
      - 0
      - content
      - 0
      - value
    - Apply:
        - Insert:
            - 30
            - " that goes on and on"
