---
source: rust/schema/tests/patch.rs
expression: "Fixture { old, new, ops: patch.ops, merged }"
---
old:
  type: Article
  authors:
    - type: AuthorRole
      author:
        type: Person
        givenNames:
          - Alice
      roleName: Importer
  content:
    - type: Table
      rows:
        - type: TableRow
          cells:
            - type: TableCell
              content:
                - type: Paragraph
                  content:
                    - type: Text
                      value:
                        string: Name
                        authorship:
                          - - 1
                            - 0
                            - 0
                            - 4
            - type: TableCell
              content:
                - type: Paragraph
                  content:
                    - type: Text
                      value:
                        string: Occupation
                        authorship:
                          - - 1
                            - 0
                            - 0
                            - 10
            - type: TableCell
              content:
                - type: Paragraph
                  content:
                    - type: Text
                      value:
                        string: Age
                        authorship:
                          - - 1
                            - 0
                            - 0
                            - 3
          rowType: HeaderRow
        - type: TableRow
          cells:
            - type: TableCell
              content:
                - type: Paragraph
                  content:
                    - type: Text
                      value:
                        string: Alice
                        authorship:
                          - - 1
                            - 0
                            - 0
                            - 5
            - type: TableCell
              content:
                - type: Paragraph
                  content:
                    - type: Text
                      value:
                        string: Developer
                        authorship:
                          - - 1
                            - 0
                            - 0
                            - 9
            - type: TableCell
              content:
                - type: Paragraph
                  content:
                    - type: Text
                      value:
                        string: "30"
                        authorship:
                          - - 1
                            - 0
                            - 0
                            - 2
        - type: TableRow
          cells:
            - type: TableCell
              content:
                - type: Paragraph
                  content:
                    - type: Text
                      value:
                        string: Bob
                        authorship:
                          - - 1
                            - 0
                            - 0
                            - 3
            - type: TableCell
              content:
                - type: Paragraph
                  content:
                    - type: Text
                      value:
                        string: Designer
                        authorship:
                          - - 1
                            - 0
                            - 0
                            - 8
            - type: TableCell
              content:
                - type: Paragraph
                  content:
                    - type: Text
                      value:
                        string: "25"
                        authorship:
                          - - 1
                            - 0
                            - 0
                            - 2
      authors:
        - type: AuthorRole
          author:
            type: Person
            givenNames:
              - Alice
          roleName: Importer
new:
  type: Article
  content:
    - type: Table
      rows:
        - type: TableRow
          cells:
            - type: TableCell
              content:
                - type: Paragraph
                  content:
                    - type: Text
                      value: Age
            - type: TableCell
              content:
                - type: Paragraph
                  content:
                    - type: Text
                      value: Name
            - type: TableCell
              content:
                - type: Paragraph
                  content:
                    - type: Text
                      value: Occupation
          rowType: HeaderRow
        - type: TableRow
          cells:
            - type: TableCell
              content:
                - type: Paragraph
                  content:
                    - type: Text
                      value: "30"
            - type: TableCell
              content:
                - type: Paragraph
                  content:
                    - type: Text
                      value: Alice
            - type: TableCell
              content:
                - type: Paragraph
                  content:
                    - type: Text
                      value: Developer
        - type: TableRow
          cells:
            - type: TableCell
              content:
                - type: Paragraph
                  content:
                    - type: Text
                      value: "25"
            - type: TableCell
              content:
                - type: Paragraph
                  content:
                    - type: Text
                      value: Bob
            - type: TableCell
              content:
                - type: Paragraph
                  content:
                    - type: Text
                      value: Designer
merged:
  type: Article
  authors:
    - type: AuthorRole
      author:
        type: Person
        givenNames:
          - Alice
      roleName: Importer
    - type: AuthorRole
      author:
        type: Person
        givenNames:
          - Bob
      roleName: Writer
  content:
    - type: Table
      rows:
        - type: TableRow
          cells:
            - type: TableCell
              content:
                - type: Paragraph
                  content:
                    - type: Text
                      value:
                        string: Age
                        authorship:
                          - - 1
                            - 0
                            - 0
                            - 3
            - type: TableCell
              content:
                - type: Paragraph
                  content:
                    - type: Text
                      value:
                        string: Name
                        authorship:
                          - - 1
                            - 0
                            - 0
                            - 4
            - type: TableCell
              content:
                - type: Paragraph
                  content:
                    - type: Text
                      value:
                        string: Occupation
                        authorship:
                          - - 1
                            - 0
                            - 0
                            - 10
          rowType: HeaderRow
        - type: TableRow
          cells:
            - type: TableCell
              content:
                - type: Paragraph
                  content:
                    - type: Text
                      value:
                        string: "30"
                        authorship:
                          - - 2
                            - 1
                            - 0
                            - 2
            - type: TableCell
              content:
                - type: Paragraph
                  content:
                    - type: Text
                      value:
                        string: Alice
                        authorship:
                          - - 2
                            - 1
                            - 0
                            - 5
            - type: TableCell
              content:
                - type: Paragraph
                  content:
                    - type: Text
                      value:
                        string: Developer
                        authorship:
                          - - 1
                            - 0
                            - 0
                            - 2
                          - - 2
                            - 1
                            - 0
                            - 5
                          - - 1
                            - 0
                            - 0
                            - 2
        - type: TableRow
          cells:
            - type: TableCell
              content:
                - type: Paragraph
                  content:
                    - type: Text
                      value:
                        string: "25"
                        authorship:
                          - - 2
                            - 1
                            - 0
                            - 2
            - type: TableCell
              content:
                - type: Paragraph
                  content:
                    - type: Text
                      value:
                        string: Bob
                        authorship:
                          - - 2
                            - 1
                            - 0
                            - 3
            - type: TableCell
              content:
                - type: Paragraph
                  content:
                    - type: Text
                      value:
                        string: Designer
                        authorship:
                          - - 1
                            - 0
                            - 0
                            - 2
                          - - 2
                            - 1
                            - 0
                            - 4
                          - - 1
                            - 0
                            - 0
                            - 2
      authors:
        - type: AuthorRole
          author:
            type: Person
            givenNames:
              - Alice
          roleName: Importer
        - type: AuthorRole
          author:
            type: Person
            givenNames:
              - Bob
          roleName: Writer
ops:
  - - - content
      - 0
      - rows
    - Move:
        - - 2
          - 1
  - - - content
      - 0
      - rows
      - 0
      - cells
    - Move:
        - - 0
          - 1
        - - 0
          - 2
        - - 1
          - 0
  - - - content
      - 0
      - rows
      - 1
      - cells
    - Move:
        - - 1
          - 2
  - - - content
      - 0
      - rows
      - 1
      - cells
      - 2
      - content
      - 0
      - content
      - 0
      - value
    - Apply:
        - Replace:
            - start: 2
              end: 6
            - velop
  - - - content
      - 0
      - rows
      - 1
      - cells
      - 0
      - content
      - 0
      - content
      - 0
      - value
    - Apply:
        - Replace:
            - start: 0
              end: 3
            - "30"
  - - - content
      - 0
      - rows
      - 1
      - cells
      - 1
      - content
      - 0
      - content
      - 0
      - value
    - Apply:
        - Replace:
            - start: 0
              end: 2
            - Alice
  - - - content
      - 0
      - rows
      - 2
      - cells
    - Move:
        - - 1
          - 2
  - - - content
      - 0
      - rows
      - 2
      - cells
      - 2
      - content
      - 0
      - content
      - 0
      - value
    - Apply:
        - Replace:
            - start: 2
              end: 7
            - sign
  - - - content
      - 0
      - rows
      - 2
      - cells
      - 0
      - content
      - 0
      - content
      - 0
      - value
    - Apply:
        - Replace:
            - start: 0
              end: 5
            - "25"
  - - - content
      - 0
      - rows
      - 2
      - cells
      - 1
      - content
      - 0
      - content
      - 0
      - value
    - Apply:
        - Replace:
            - start: 0
              end: 2
            - Bob
