---
source: rust/schema/tests/patch.rs
expression: "Fixture { old, new, ops, merged }"
---
old:
  type: Article
  authors:
    - type: AuthorRole
      author:
        type: Person
        givenNames:
          - Alice
      roleName: Importer
  content:
    - type: CodeChunk
      code:
        string: "1\n2\n3\n4"
        authorship:
          - - 0
            - 7
      programmingLanguage: python
      authors:
        - type: AuthorRole
          author:
            type: Person
            givenNames:
              - Alice
          roleName: Importer
new:
  type: Article
  content:
    - type: CodeChunk
      code: "1\n2\n3"
      programmingLanguage: python
    - type: Paragraph
      content:
        - type: Text
          value: para
    - type: CodeChunk
      code: "4"
      programmingLanguage: python
merged:
  type: Article
  authors:
    - type: AuthorRole
      author:
        type: Person
        givenNames:
          - Alice
      roleName: Importer
    - type: AuthorRole
      author:
        type: Person
        givenNames:
          - Bob
      roleName: Writer
  content:
    - type: CodeChunk
      code:
        string: "1\n2\n3"
        authorship:
          - - 0
            - 5
      programmingLanguage: python
      authors:
        - type: AuthorRole
          author:
            type: Person
            givenNames:
              - Alice
          roleName: Importer
        - type: AuthorRole
          author:
            type: Person
            givenNames:
              - Bob
          roleName: Writer
    - type: Paragraph
      content:
        - type: Text
          value:
            string: para
            authorship:
              - - 0
                - 4
      authors:
        - type: AuthorRole
          author:
            type: Person
            givenNames:
              - Bob
          roleName: Writer
    - type: CodeChunk
      code:
        string: "4"
        authorship:
          - - 0
            - 1
      programmingLanguage: python
      authors:
        - type: AuthorRole
          author:
            type: Person
            givenNames:
              - Bob
          roleName: Writer
ops:
  - - - content
    - Append:
        - type: Paragraph
          content:
            - type: Text
              value: para
        - type: CodeChunk
          code: "4"
          programmingLanguage: python
  - - - content
      - 0
      - code
    - Apply:
        - Delete:
            start: 5
            end: 7
