---
source: rust/schema/tests/patch.rs
expression: "Fixture { old, new, ops: patch.ops, merged }"
---
old:
  type: Article
  authors:
    - type: AuthorRole
      author:
        type: Person
        givenNames:
          - Alice
      roleName: Importer
  provenance:
    - type: ProvenanceCount
      provenanceCategory: Hw
      characterCount: 75
      characterPercent: 100
  content:
    - type: Paragraph
      content:
        - type: Text
          value:
            string: "The area of a cube is: "
            authorship:
              - - 1
                - 0
                - 0
                - 23
        - type: InstructionInline
          messages:
            - type: InstructionMessage
              parts:
                - type: Text
                  value:
                    string: equation for surface area of cube
                    authorship:
                      - - 1
                        - 0
                        - 0
                        - 33
          assignee: insert-inline-math
          authors:
            - type: AuthorRole
              author:
                type: Person
                givenNames:
                  - Alice
              roleName: Importer
          provenance:
            - type: ProvenanceCount
              provenanceCategory: Hw
              characterCount: 33
              characterPercent: 100
        - type: Text
          value:
            string: ".\nFollowed by "
            authorship:
              - - 1
                - 0
                - 0
                - 14
        - type: Emphasis
          content:
            - type: Text
              value:
                string: text.
                authorship:
                  - - 1
                    - 0
                    - 0
                    - 5
      authors:
        - type: AuthorRole
          author:
            type: Person
            givenNames:
              - Alice
          roleName: Importer
      provenance:
        - type: ProvenanceCount
          provenanceCategory: Hw
          characterCount: 75
          characterPercent: 100
new:
  type: Article
  content:
    - type: Paragraph
      content:
        - type: Text
          value: "The area of a cube is: "
        - type: InstructionInline
          messages:
            - type: InstructionMessage
              parts:
                - type: Text
                  value: insert equation for surface area of cube
        - type: Text
          value: ".\nFollowed by "
        - type: Emphasis
          content:
            - type: Text
              value: text.
merged:
  type: Article
  authors:
    - type: AuthorRole
      author:
        type: Person
        givenNames:
          - Alice
      roleName: Importer
    - type: AuthorRole
      author:
        type: Person
        givenNames:
          - Bob
      roleName: Writer
  provenance:
    - type: ProvenanceCount
      provenanceCategory: Hw
      characterCount: 82
      characterPercent: 100
  content:
    - type: Paragraph
      content:
        - type: Text
          value:
            string: "The area of a cube is: "
            authorship:
              - - 1
                - 0
                - 0
                - 23
        - type: InstructionInline
          messages:
            - type: InstructionMessage
              parts:
                - type: Text
                  value:
                    string: insert equation for surface area of cube
                    authorship:
                      - - 1
                        - 1
                        - 0
                        - 7
                      - - 1
                        - 0
                        - 0
                        - 33
          authors:
            - type: AuthorRole
              author:
                type: Person
                givenNames:
                  - Alice
              roleName: Importer
            - type: AuthorRole
              author:
                type: Person
                givenNames:
                  - Bob
              roleName: Writer
          provenance:
            - type: ProvenanceCount
              provenanceCategory: Hw
              characterCount: 40
              characterPercent: 100
        - type: Text
          value:
            string: ".\nFollowed by "
            authorship:
              - - 1
                - 0
                - 0
                - 14
        - type: Emphasis
          content:
            - type: Text
              value:
                string: text.
                authorship:
                  - - 1
                    - 0
                    - 0
                    - 5
      authors:
        - type: AuthorRole
          author:
            type: Person
            givenNames:
              - Alice
          roleName: Importer
        - type: AuthorRole
          author:
            type: Person
            givenNames:
              - Bob
          roleName: Writer
      provenance:
        - type: ProvenanceCount
          provenanceCategory: Hw
          characterCount: 82
          characterPercent: 100
ops:
  - - - content
      - 0
      - content
      - 1
      - messages
      - 0
      - parts
      - 0
      - value
    - Apply:
        - Insert:
            - 0
            - "insert "
  - - - content
      - 0
      - content
      - 1
      - assignee
    - Set: ~
