---
source: rust/schema/tests/patch.rs
expression: "Fixture { old, new, ops, merged }"
---
old:
  type: Article
  authors:
    - type: AuthorRole
      author:
        type: Person
        givenNames:
          - Alice
      roleName: Importer
  content:
    - type: List
      items:
        - type: ListItem
          content:
            - type: Paragraph
              content:
                - type: Text
                  value:
                    string: "an item with an image "
                    authorship:
                      - - 1
                        - 0
                        - 22
                - type: ImageObject
                  contentUrl: image.png
                  authors:
                    - type: AuthorRole
                      author:
                        type: Person
                        givenNames:
                          - Alice
                      roleName: Importer
                - type: Text
                  value:
                    string: ", see!"
                    authorship:
                      - - 1
                        - 0
                        - 6
              authors:
                - type: AuthorRole
                  author:
                    type: Person
                    givenNames:
                      - Alice
                  roleName: Importer
        - type: ListItem
          content:
            - type: Paragraph
              content:
                - type: Text
                  value:
                    string: "an item with "
                    authorship:
                      - - 1
                        - 0
                        - 13
                - type: Emphasis
                  content:
                    - type: Text
                      value:
                        string: emphasis
                        authorship:
                          - - 1
                            - 0
                            - 8
              authors:
                - type: AuthorRole
                  author:
                    type: Person
                    givenNames:
                      - Alice
                  roleName: Importer
        - type: ListItem
          content:
            - type: Paragraph
              content:
                - type: Text
                  value:
                    string: "an item with HTML "
                    authorship:
                      - - 1
                        - 0
                        - 18
                - type: Underline
                  content:
                    - type: Text
                      value:
                        string: underlined
                        authorship:
                          - - 1
                            - 0
                            - 10
              authors:
                - type: AuthorRole
                  author:
                    type: Person
                    givenNames:
                      - Alice
                  roleName: Importer
      order: Unordered
      authors:
        - type: AuthorRole
          author:
            type: Person
            givenNames:
              - Alice
          roleName: Importer
new:
  type: Article
  content:
    - type: List
      items:
        - type: ListItem
          content:
            - type: Paragraph
              content:
                - type: Text
                  value: "an item with "
                - type: Emphasis
                  content:
                    - type: Text
                      value: emphasis
        - type: ListItem
          content:
            - type: Paragraph
              content:
                - type: Text
                  value: "an item with an image "
                - type: ImageObject
                  contentUrl: image.png
                - type: Text
                  value: ", see!"
        - type: ListItem
          content:
            - type: Paragraph
              content:
                - type: Text
                  value: "an item with HTML "
                - type: Underline
                  content:
                    - type: Text
                      value: underlined
      order: Unordered
merged:
  type: Article
  authors:
    - type: AuthorRole
      author:
        type: Person
        givenNames:
          - Alice
      roleName: Importer
    - type: AuthorRole
      author:
        type: Person
        givenNames:
          - Bob
      roleName: Writer
  content:
    - type: List
      items:
        - type: ListItem
          content:
            - type: Paragraph
              content:
                - type: Text
                  value:
                    string: "an item with "
                    authorship:
                      - - 1
                        - 0
                        - 13
                - type: Emphasis
                  content:
                    - type: Text
                      value:
                        string: emphasis
                        authorship:
                          - - 1
                            - 0
                            - 8
              authors:
                - type: AuthorRole
                  author:
                    type: Person
                    givenNames:
                      - Alice
                  roleName: Importer
        - type: ListItem
          content:
            - type: Paragraph
              content:
                - type: Text
                  value:
                    string: "an item with an image "
                    authorship:
                      - - 1
                        - 0
                        - 22
                - type: ImageObject
                  contentUrl: image.png
                  authors:
                    - type: AuthorRole
                      author:
                        type: Person
                        givenNames:
                          - Alice
                      roleName: Importer
                - type: Text
                  value:
                    string: ", see!"
                    authorship:
                      - - 1
                        - 0
                        - 6
              authors:
                - type: AuthorRole
                  author:
                    type: Person
                    givenNames:
                      - Alice
                  roleName: Importer
        - type: ListItem
          content:
            - type: Paragraph
              content:
                - type: Text
                  value:
                    string: "an item with HTML "
                    authorship:
                      - - 1
                        - 0
                        - 18
                - type: Underline
                  content:
                    - type: Text
                      value:
                        string: underlined
                        authorship:
                          - - 1
                            - 0
                            - 10
              authors:
                - type: AuthorRole
                  author:
                    type: Person
                    givenNames:
                      - Alice
                  roleName: Importer
      order: Unordered
      authors:
        - type: AuthorRole
          author:
            type: Person
            givenNames:
              - Alice
          roleName: Importer
        - type: AuthorRole
          author:
            type: Person
            givenNames:
              - Bob
          roleName: Writer
ops:
  - - - content
      - 0
      - items
    - Move:
        - - 0
          - 1
