---
source: rust/schema/tests/patch.rs
expression: "Fixture { old, new, ops, merged }"
---
old:
  type: Article
  authors:
    - type: AuthorRole
      author:
        type: Person
        givenNames:
          - Alice
      roleName: Importer
  content:
    - type: Paragraph
      content:
        - type: Text
          value:
            string: Some okay text.
            authorship:
              - - 0
                - 15
      authors:
        - type: AuthorRole
          author:
            type: Person
            givenNames:
              - Alice
          roleName: Importer
    - type: Paragraph
      content:
        - type: Text
          value:
            string: A rather long winded paragraph.
            authorship:
              - - 0
                - 31
      authors:
        - type: AuthorRole
          author:
            type: Person
            givenNames:
              - Alice
          roleName: Importer
    - type: Paragraph
      content:
        - type: Text
          value:
            string: A great conclusion.
            authorship:
              - - 0
                - 19
      authors:
        - type: AuthorRole
          author:
            type: Person
            givenNames:
              - Alice
          roleName: Importer
new:
  type: Article
  content:
    - type: Paragraph
      content:
        - type: Text
          value: Some okay text.
    - type: InstructionBlock
      messages:
        - type: InstructionMessage
          parts:
            - type: Text
              value: more succinct
      content:
        - type: Paragraph
          content:
            - type: Text
              value: A rather long winded paragraph.
    - type: Paragraph
      content:
        - type: Text
          value: A great conclusion.
merged:
  type: Article
  authors:
    - type: AuthorRole
      author:
        type: Person
        givenNames:
          - Alice
      roleName: Importer
    - type: AuthorRole
      author:
        type: Person
        givenNames:
          - Bob
      roleName: Writer
  content:
    - type: Paragraph
      content:
        - type: Text
          value:
            string: Some okay text.
            authorship:
              - - 0
                - 15
      authors:
        - type: AuthorRole
          author:
            type: Person
            givenNames:
              - Alice
          roleName: Importer
    - type: InstructionBlock
      messages:
        - type: InstructionMessage
          parts:
            - type: Text
              value:
                string: more succinct
                authorship:
                  - - 0
                    - 13
      content:
        - type: Paragraph
          content:
            - type: Text
              value:
                string: A rather long winded paragraph.
                authorship:
                  - - 0
                    - 31
          authors:
            - type: AuthorRole
              author:
                type: Person
                givenNames:
                  - Bob
              roleName: Writer
      authors:
        - type: AuthorRole
          author:
            type: Person
            givenNames:
              - Bob
          roleName: Writer
    - type: Paragraph
      content:
        - type: Text
          value:
            string: A great conclusion.
            authorship:
              - - 0
                - 19
      authors:
        - type: AuthorRole
          author:
            type: Person
            givenNames:
              - Alice
          roleName: Importer
ops:
  - - - content
    - Replace:
        - - 1
          - type: InstructionBlock
            messages:
              - type: InstructionMessage
                parts:
                  - type: Text
                    value: more succinct
            content:
              - type: Paragraph
                content:
                  - type: Text
                    value: A rather long winded paragraph.
