---
source: rust/schema/tests/patch.rs
expression: "Fixture { old, new, ops, merged }"
---
old:
  type: Article
  authors:
    - type: AuthorRole
      author:
        type: Person
        givenNames:
          - Alice
      roleName: Importer
  content:
    - type: Table
      rows:
        - type: TableRow
          cells:
            - type: TableCell
              content:
                - type: Paragraph
                  content:
                    - type: Text
                      value:
                        string: Country
                        authorship:
                          - - 0
                            - 7
            - type: TableCell
              content:
                - type: Paragraph
                  content:
                    - type: Text
                      value:
                        string: Capital
                        authorship:
                          - - 0
                            - 7
            - type: TableCell
              content:
                - type: Paragraph
                  content:
                    - type: Text
                      value:
                        string: Population (millions)
                        authorship:
                          - - 0
                            - 21
          rowType: HeaderRow
        - type: TableRow
          cells:
            - type: TableCell
              content:
                - type: Paragraph
                  content:
                    - type: Text
                      value:
                        string: USA
                        authorship:
                          - - 0
                            - 3
            - type: TableCell
              content:
                - type: Paragraph
                  content:
                    - type: Text
                      value:
                        string: DC
                        authorship:
                          - - 0
                            - 2
            - type: TableCell
              content:
                - type: Paragraph
                  content:
                    - type: Text
                      value:
                        string: "328"
                        authorship:
                          - - 0
                            - 3
        - type: TableRow
          cells:
            - type: TableCell
              content:
                - type: Paragraph
                  content:
                    - type: Text
                      value:
                        string: Canada
                        authorship:
                          - - 0
                            - 6
            - type: TableCell
              content:
                - type: Paragraph
                  content:
                    - type: Text
                      value:
                        string: Ottawa
                        authorship:
                          - - 0
                            - 6
            - type: TableCell
              content:
                - type: Paragraph
                  content:
                    - type: Text
                      value:
                        string: "38"
                        authorship:
                          - - 0
                            - 2
      authors:
        - type: AuthorRole
          author:
            type: Person
            givenNames:
              - Alice
          roleName: Importer
new:
  type: Article
  content:
    - type: Table
      rows:
        - type: TableRow
          cells:
            - type: TableCell
              content:
                - type: Paragraph
                  content:
                    - type: Text
                      value: Country
            - type: TableCell
              content:
                - type: Paragraph
                  content:
                    - type: Text
                      value: Capital
            - type: TableCell
              content:
                - type: Paragraph
                  content:
                    - type: Text
                      value: Population (millions)
          rowType: HeaderRow
        - type: TableRow
          cells:
            - type: TableCell
              content:
                - type: Paragraph
                  content:
                    - type: Text
                      value: Canada
            - type: TableCell
              content:
                - type: Paragraph
                  content:
                    - type: Text
                      value: Ottawa
            - type: TableCell
              content:
                - type: Paragraph
                  content:
                    - type: Text
                      value: "38"
        - type: TableRow
          cells:
            - type: TableCell
              content:
                - type: Paragraph
                  content:
                    - type: Text
                      value: USA
            - type: TableCell
              content:
                - type: Paragraph
                  content:
                    - type: Text
                      value: DC
            - type: TableCell
              content:
                - type: Paragraph
                  content:
                    - type: Text
                      value: "328"
merged:
  type: Article
  authors:
    - type: AuthorRole
      author:
        type: Person
        givenNames:
          - Alice
      roleName: Importer
    - type: AuthorRole
      author:
        type: Person
        givenNames:
          - Bob
      roleName: Writer
  content:
    - type: Table
      rows:
        - type: TableRow
          cells:
            - type: TableCell
              content:
                - type: Paragraph
                  content:
                    - type: Text
                      value:
                        string: Country
                        authorship:
                          - - 0
                            - 7
            - type: TableCell
              content:
                - type: Paragraph
                  content:
                    - type: Text
                      value:
                        string: Capital
                        authorship:
                          - - 0
                            - 7
            - type: TableCell
              content:
                - type: Paragraph
                  content:
                    - type: Text
                      value:
                        string: Population (millions)
                        authorship:
                          - - 0
                            - 21
          rowType: HeaderRow
        - type: TableRow
          cells:
            - type: TableCell
              content:
                - type: Paragraph
                  content:
                    - type: Text
                      value:
                        string: Canada
                        authorship:
                          - - 0
                            - 6
            - type: TableCell
              content:
                - type: Paragraph
                  content:
                    - type: Text
                      value:
                        string: Ottawa
                        authorship:
                          - - 0
                            - 6
            - type: TableCell
              content:
                - type: Paragraph
                  content:
                    - type: Text
                      value:
                        string: "38"
                        authorship:
                          - - 0
                            - 2
        - type: TableRow
          cells:
            - type: TableCell
              content:
                - type: Paragraph
                  content:
                    - type: Text
                      value:
                        string: USA
                        authorship:
                          - - 0
                            - 3
            - type: TableCell
              content:
                - type: Paragraph
                  content:
                    - type: Text
                      value:
                        string: DC
                        authorship:
                          - - 0
                            - 2
            - type: TableCell
              content:
                - type: Paragraph
                  content:
                    - type: Text
                      value:
                        string: "328"
                        authorship:
                          - - 0
                            - 3
      authors:
        - type: AuthorRole
          author:
            type: Person
            givenNames:
              - Alice
          roleName: Importer
        - type: AuthorRole
          author:
            type: Person
            givenNames:
              - Bob
          roleName: Writer
ops:
  - - - content
      - 0
      - rows
    - Move:
        - - 1
          - 2
