---
source: rust/schema/tests/patch.rs
expression: "Fixture { old, new, ops, merged }"
---
old:
  type: Article
  authors:
    - type: AuthorRole
      author:
        type: Person
        givenNames:
          - Alice
      roleName: Importer
  content:
    - type: Paragraph
      content:
        - type: Text
          value:
            string: Caption.
            authorship:
              - - 0
                - 8
      authors:
        - type: AuthorRole
          author:
            type: Person
            givenNames:
              - Alice
          roleName: Importer
    - type: Paragraph
      content:
        - type: ImageObject
          contentUrl: "https://example.org/cat.jpg"
          authors:
            - type: AuthorRole
              author:
                type: Person
                givenNames:
                  - Alice
              roleName: Importer
      authors:
        - type: AuthorRole
          author:
            type: Person
            givenNames:
              - Alice
          roleName: Importer
new:
  type: Article
  content:
    - type: Figure
      content:
        - type: Paragraph
          content:
            - type: ImageObject
              contentUrl: "https://example.org/cat.jpg"
      caption:
        - type: Paragraph
          content:
            - type: Text
              value: Caption.
merged:
  type: Article
  authors:
    - type: AuthorRole
      author:
        type: Person
        givenNames:
          - Alice
      roleName: Importer
    - type: AuthorRole
      author:
        type: Person
        givenNames:
          - Bob
      roleName: Writer
  content:
    - type: Figure
      content:
        - type: Paragraph
          content:
            - type: ImageObject
              contentUrl: "https://example.org/cat.jpg"
              authors:
                - type: AuthorRole
                  author:
                    type: Person
                    givenNames:
                      - Bob
                  roleName: Writer
          authors:
            - type: AuthorRole
              author:
                type: Person
                givenNames:
                  - Bob
              roleName: Writer
      caption:
        - type: Paragraph
          content:
            - type: Text
              value:
                string: Caption.
                authorship:
                  - - 0
                    - 8
          authors:
            - type: AuthorRole
              author:
                type: Person
                givenNames:
                  - Bob
              roleName: Writer
      authors:
        - type: AuthorRole
          author:
            type: Person
            givenNames:
              - Bob
          roleName: Writer
ops:
  - - - content
    - Remove:
        - 1
  - - - content
    - Replace:
        - - 0
          - type: Figure
            content:
              - type: Paragraph
                content:
                  - type: ImageObject
                    contentUrl: "https://example.org/cat.jpg"
            caption:
              - type: Paragraph
                content:
                  - type: Text
                    value: Caption.
