---
source: rust/schema/tests/patch.rs
expression: "Fixture { old, new, ops, merged }"
---
old:
  type: Article
  authors:
    - type: AuthorRole
      author:
        type: Person
        givenNames:
          - Alice
      roleName: Importer
  content:
    - type: Paragraph
      content:
        - type: Text
          value:
            string: "..................................................................................................."
            authorship:
              - - 1
                - 0
                - 99
      authors:
        - type: AuthorRole
          author:
            type: Person
            givenNames:
              - Alice
          roleName: Importer
new:
  type: Article
  content:
    - type: Paragraph
      content:
        - type: Text
          value: "..................................................................................................."
    - type: Paragraph
      content:
        - type: Text
          value: "................................................................................................xxx"
    - type: Paragraph
      content:
        - type: Text
          value: "..............................................................................................zzzzz"
merged:
  type: Article
  authors:
    - type: AuthorRole
      author:
        type: Person
        givenNames:
          - Alice
      roleName: Importer
    - type: AuthorRole
      author:
        type: Person
        givenNames:
          - Bob
      roleName: Writer
  content:
    - type: Paragraph
      content:
        - type: Text
          value:
            string: "..................................................................................................."
            authorship:
              - - 1
                - 0
                - 99
      authors:
        - type: AuthorRole
          author:
            type: Person
            givenNames:
              - Alice
          roleName: Importer
    - type: Paragraph
      content:
        - type: Text
          value:
            string: "................................................................................................xxx"
            authorship:
              - - 1
                - 0
                - 96
              - - 2
                - 1
                - 3
      authors:
        - type: AuthorRole
          author:
            type: Person
            givenNames:
              - Alice
          roleName: Importer
        - type: AuthorRole
          author:
            type: Person
            givenNames:
              - Bob
          roleName: Writer
    - type: Paragraph
      content:
        - type: Text
          value:
            string: "..............................................................................................zzzzz"
            authorship:
              - - 1
                - 0
                - 99
      authors:
        - type: AuthorRole
          author:
            type: Person
            givenNames:
              - Bob
          roleName: Writer
ops:
  - - - content
    - Copy:
        0:
          - 1
  - - - content
      - 1
      - content
      - 0
      - value
    - Apply:
        - Replace:
            - start: 96
              end: 99
            - xxx
  - - - content
    - Insert:
        - - 2
          - type: Paragraph
            content:
              - type: Text
                value: "..............................................................................................zzzzz"
