---
source: rust/codecs/tests/specs.rs
expression: specs
---
{
  "cbor": {
    "status": "stable",
    "supports_from_formats": {
      "cbor": "NoLoss",
      "cborzst": "NoLoss"
    },
    "supports_from_string": false,
    "supports_from_path": true,
    "lossy_from_types": [],
    "supports_to_formats": {
      "cbor": "NoLoss",
      "cborzst": "NoLoss"
    },
    "supports_to_string": false,
    "supports_to_path": true,
    "lossy_to_types": []
  },
  "debug": {
    "status": "stable",
    "supports_from_formats": {},
    "supports_from_string": false,
    "supports_from_path": false,
    "lossy_from_types": [
      "Null",
      "Boolean",
      "Integer",
      "UnsignedInteger",
      "Number",
      "String",
      "Cord",
      "Array",
      "Admonition",
      "ArrayValidator",
      "Article",
      "AudioObject",
      "BooleanValidator",
      "Brand",
      "Button",
      "CallArgument",
      "CallBlock",
      "Cite",
      "CiteGroup",
      "Claim",
      "CodeBlock",
      "CodeChunk",
      "CodeExpression",
      "CodeInline",
      "CodeLocation",
      "Collection",
      "Comment",
      "CompilationDigest",
      "CompilationError",
      "ConstantValidator",
      "ContactPoint",
      "CreativeWork",
      "Datatable",
      "DatatableColumn",
      "Date",
      "DateTime",
      "DateTimeValidator",
      "DateValidator",
      "DefinedTerm",
      "Delete",
      "Directory",
      "Duration",
      "DurationValidator",
      "Emphasis",
      "EnumValidator",
      "Enumeration",
      "ExecutionDependant",
      "ExecutionDependency",
      "ExecutionError",
      "ExecutionTag",
      "Figure",
      "File",
      "ForBlock",
      "Form",
      "Function",
      "Grant",
      "Heading",
      "IfBlock",
      "IfBlockClause",
      "ImageObject",
      "IncludeBlock",
      "Insert",
      "IntegerValidator",
      "Link",
      "List",
      "ListItem",
      "MathBlock",
      "MathInline",
      "MediaObject",
      "MonetaryGrant",
      "Note",
      "NumberValidator",
      "Organization",
      "Paragraph",
      "Parameter",
      "Periodical",
      "Person",
      "PostalAddress",
      "Product",
      "PropertyValue",
      "PublicationIssue",
      "PublicationVolume",
      "QuoteBlock",
      "QuoteInline",
      "Review",
      "Section",
      "SoftwareApplication",
      "SoftwareSourceCode",
      "Strikeout",
      "StringValidator",
      "Strong",
      "StyledBlock",
      "StyledInline",
      "Subscript",
      "Superscript",
      "Table",
      "TableCell",
      "TableRow",
      "Text",
      "ThematicBreak",
      "Thing",
      "Time",
      "TimeValidator",
      "Timestamp",
      "TimestampValidator",
      "TupleValidator",
      "Underline",
      "Variable",
      "VideoObject",
      "Object"
    ],
    "supports_to_formats": {
      "debug": "LowLoss"
    },
    "supports_to_string": true,
    "supports_to_path": true,
    "lossy_to_types": [
      "Null",
      "Boolean",
      "Integer",
      "UnsignedInteger",
      "Number",
      "String",
      "Cord",
      "Array",
      "Admonition",
      "ArrayValidator",
      "Article",
      "AudioObject",
      "BooleanValidator",
      "Brand",
      "Button",
      "CallArgument",
      "CallBlock",
      "Cite",
      "CiteGroup",
      "Claim",
      "CodeBlock",
      "CodeChunk",
      "CodeExpression",
      "CodeInline",
      "CodeLocation",
      "Collection",
      "Comment",
      "CompilationDigest",
      "CompilationError",
      "ConstantValidator",
      "ContactPoint",
      "CreativeWork",
      "Datatable",
      "DatatableColumn",
      "Date",
      "DateTime",
      "DateTimeValidator",
      "DateValidator",
      "DefinedTerm",
      "Delete",
      "Directory",
      "Duration",
      "DurationValidator",
      "Emphasis",
      "EnumValidator",
      "Enumeration",
      "ExecutionDependant",
      "ExecutionDependency",
      "ExecutionError",
      "ExecutionTag",
      "Figure",
      "File",
      "ForBlock",
      "Form",
      "Function",
      "Grant",
      "Heading",
      "IfBlock",
      "IfBlockClause",
      "ImageObject",
      "IncludeBlock",
      "Insert",
      "IntegerValidator",
      "Link",
      "List",
      "ListItem",
      "MathBlock",
      "MathInline",
      "MediaObject",
      "MonetaryGrant",
      "Note",
      "NumberValidator",
      "Organization",
      "Paragraph",
      "Parameter",
      "Periodical",
      "Person",
      "PostalAddress",
      "Product",
      "PropertyValue",
      "PublicationIssue",
      "PublicationVolume",
      "QuoteBlock",
      "QuoteInline",
      "Review",
      "Section",
      "SoftwareApplication",
      "SoftwareSourceCode",
      "Strikeout",
      "StringValidator",
      "Strong",
      "StyledBlock",
      "StyledInline",
      "Subscript",
      "Superscript",
      "Table",
      "TableCell",
      "TableRow",
      "Text",
      "ThematicBreak",
      "Thing",
      "Time",
      "TimeValidator",
      "Timestamp",
      "TimestampValidator",
      "TupleValidator",
      "Underline",
      "Variable",
      "VideoObject",
      "Object"
    ]
  },
  "html": {
    "status": "under-development",
    "supports_from_formats": {},
    "supports_from_string": true,
    "supports_from_path": true,
    "lossy_from_types": [
      "Null",
      "Boolean",
      "Integer",
      "UnsignedInteger",
      "Number",
      "String",
      "Cord",
      "Array",
      "Admonition",
      "ArrayValidator",
      "Article",
      "AudioObject",
      "BooleanValidator",
      "Brand",
      "Button",
      "CallArgument",
      "CallBlock",
      "Cite",
      "CiteGroup",
      "Claim",
      "CodeBlock",
      "CodeChunk",
      "CodeExpression",
      "CodeInline",
      "CodeLocation",
      "Collection",
      "Comment",
      "CompilationDigest",
      "CompilationError",
      "ConstantValidator",
      "ContactPoint",
      "CreativeWork",
      "Datatable",
      "DatatableColumn",
      "Date",
      "DateTime",
      "DateTimeValidator",
      "DateValidator",
      "DefinedTerm",
      "Delete",
      "Directory",
      "Duration",
      "DurationValidator",
      "Emphasis",
      "EnumValidator",
      "Enumeration",
      "ExecutionDependant",
      "ExecutionDependency",
      "ExecutionError",
      "ExecutionTag",
      "Figure",
      "File",
      "ForBlock",
      "Form",
      "Function",
      "Grant",
      "Heading",
      "IfBlock",
      "IfBlockClause",
      "ImageObject",
      "IncludeBlock",
      "Insert",
      "IntegerValidator",
      "Link",
      "List",
      "ListItem",
      "MathBlock",
      "MathInline",
      "MediaObject",
      "MonetaryGrant",
      "Note",
      "NumberValidator",
      "Organization",
      "Paragraph",
      "Parameter",
      "Periodical",
      "Person",
      "PostalAddress",
      "Product",
      "PropertyValue",
      "PublicationIssue",
      "PublicationVolume",
      "QuoteBlock",
      "QuoteInline",
      "Review",
      "Section",
      "SoftwareApplication",
      "SoftwareSourceCode",
      "Strikeout",
      "StringValidator",
      "Strong",
      "StyledBlock",
      "StyledInline",
      "Subscript",
      "Superscript",
      "Table",
      "TableCell",
      "TableRow",
      "Text",
      "ThematicBreak",
      "Thing",
      "Time",
      "TimeValidator",
      "Timestamp",
      "TimestampValidator",
      "TupleValidator",
      "Underline",
      "Variable",
      "VideoObject",
      "Object"
    ],
    "supports_to_formats": {
      "html": "LowLoss"
    },
    "supports_to_string": true,
    "supports_to_path": true,
    "lossy_to_types": [
      "Null",
      "Boolean",
      "Integer",
      "UnsignedInteger",
      "Number",
      "Array",
      "Admonition",
      "ArrayValidator",
      "Article",
      "AudioObject",
      "BooleanValidator",
      "Brand",
      "Button",
      "CallArgument",
      "CallBlock",
      "Cite",
      "CiteGroup",
      "Claim",
      "CodeChunk",
      "CodeExpression",
      "CodeLocation",
      "Collection",
      "Comment",
      "CompilationDigest",
      "CompilationError",
      "ConstantValidator",
      "ContactPoint",
      "CreativeWork",
      "Datatable",
      "DatatableColumn",
      "Date",
      "DateTime",
      "DateTimeValidator",
      "DateValidator",
      "DefinedTerm",
      "Delete",
      "Directory",
      "Duration",
      "DurationValidator",
      "EnumValidator",
      "Enumeration",
      "ExecutionDependant",
      "ExecutionDependency",
      "ExecutionError",
      "ExecutionTag",
      "Figure",
      "File",
      "ForBlock",
      "Form",
      "Function",
      "Grant",
      "IfBlock",
      "IfBlockClause",
      "ImageObject",
      "IncludeBlock",
      "Insert",
      "IntegerValidator",
      "Link",
      "List",
      "ListItem",
      "MathBlock",
      "MathInline",
      "MediaObject",
      "MonetaryGrant",
      "Note",
      "NumberValidator",
      "Organization",
      "Parameter",
      "Periodical",
      "Person",
      "PostalAddress",
      "Product",
      "PropertyValue",
      "PublicationIssue",
      "PublicationVolume",
      "QuoteBlock",
      "QuoteInline",
      "Review",
      "SoftwareApplication",
      "SoftwareSourceCode",
      "Strikeout",
      "StringValidator",
      "StyledBlock",
      "StyledInline",
      "Table",
      "TableCell",
      "TableRow",
      "Thing",
      "Time",
      "TimeValidator",
      "Timestamp",
      "TimestampValidator",
      "TupleValidator",
      "Variable",
      "VideoObject",
      "Object"
    ]
  },
  "jats": {
    "status": "under-development",
    "supports_from_formats": {
      "jats": "LowLoss"
    },
    "supports_from_string": true,
    "supports_from_path": true,
    "lossy_from_types": [
      "Null",
      "Boolean",
      "Integer",
      "UnsignedInteger",
      "Number",
      "Array",
      "ArrayValidator",
      "Article",
      "AudioObject",
      "BooleanValidator",
      "Brand",
      "Button",
      "CallArgument",
      "CallBlock",
      "Cite",
      "CiteGroup",
      "Claim",
      "CodeBlock",
      "CodeChunk",
      "CodeExpression",
      "CodeLocation",
      "Collection",
      "Comment",
      "CompilationDigest",
      "CompilationError",
      "ConstantValidator",
      "ContactPoint",
      "CreativeWork",
      "Datatable",
      "DatatableColumn",
      "DateTimeValidator",
      "DateValidator",
      "DefinedTerm",
      "Delete",
      "Directory",
      "DurationValidator",
      "EnumValidator",
      "Enumeration",
      "ExecutionDependant",
      "ExecutionDependency",
      "ExecutionError",
      "ExecutionTag",
      "Figure",
      "File",
      "ForBlock",
      "Form",
      "Function",
      "Grant",
      "IfBlock",
      "IfBlockClause",
      "ImageObject",
      "IncludeBlock",
      "Insert",
      "IntegerValidator",
      "Link",
      "List",
      "ListItem",
      "MathBlock",
      "MathInline",
      "MediaObject",
      "MonetaryGrant",
      "NumberValidator",
      "Organization",
      "Parameter",
      "Periodical",
      "Person",
      "PostalAddress",
      "Product",
      "PropertyValue",
      "PublicationIssue",
      "PublicationVolume",
      "Review",
      "SoftwareApplication",
      "SoftwareSourceCode",
      "StringValidator",
      "StyledBlock",
      "Table",
      "TableCell",
      "TableRow",
      "Thing",
      "TimeValidator",
      "TimestampValidator",
      "TupleValidator",
      "Variable",
      "VideoObject",
      "Object"
    ],
    "supports_to_formats": {
      "jats": "LowLoss"
    },
    "supports_to_string": true,
    "supports_to_path": true,
    "lossy_to_types": [
      "Null",
      "Boolean",
      "Integer",
      "UnsignedInteger",
      "Number",
      "Array",
      "ArrayValidator",
      "Article",
      "AudioObject",
      "BooleanValidator",
      "Brand",
      "Button",
      "CallArgument",
      "CallBlock",
      "Cite",
      "CiteGroup",
      "Claim",
      "CodeChunk",
      "CodeExpression",
      "CodeLocation",
      "Collection",
      "Comment",
      "CompilationDigest",
      "CompilationError",
      "ConstantValidator",
      "ContactPoint",
      "CreativeWork",
      "Datatable",
      "DatatableColumn",
      "DateTimeValidator",
      "DateValidator",
      "DefinedTerm",
      "Delete",
      "Directory",
      "DurationValidator",
      "EnumValidator",
      "Enumeration",
      "ExecutionDependant",
      "ExecutionDependency",
      "ExecutionError",
      "ExecutionTag",
      "Figure",
      "File",
      "ForBlock",
      "Form",
      "Function",
      "Grant",
      "IfBlock",
      "IfBlockClause",
      "ImageObject",
      "IncludeBlock",
      "IntegerValidator",
      "Link",
      "List",
      "ListItem",
      "MediaObject",
      "MonetaryGrant",
      "NumberValidator",
      "Organization",
      "Parameter",
      "Periodical",
      "Person",
      "PostalAddress",
      "Product",
      "PropertyValue",
      "PublicationIssue",
      "PublicationVolume",
      "Review",
      "SoftwareApplication",
      "SoftwareSourceCode",
      "StringValidator",
      "StyledBlock",
      "Table",
      "TableCell",
      "TableRow",
      "Thing",
      "TimeValidator",
      "TimestampValidator",
      "TupleValidator",
      "Variable",
      "VideoObject",
      "Object"
    ]
  },
  "json": {
    "status": "stable",
    "supports_from_formats": {
      "json": "NoLoss"
    },
    "supports_from_string": true,
    "supports_from_path": true,
    "lossy_from_types": [],
    "supports_to_formats": {
      "json": "NoLoss"
    },
    "supports_to_string": true,
    "supports_to_path": true,
    "lossy_to_types": []
  },
  "json5": {
    "status": "stable",
    "supports_from_formats": {
      "json5": "NoLoss"
    },
    "supports_from_string": true,
    "supports_from_path": true,
    "lossy_from_types": [],
    "supports_to_formats": {
      "json5": "NoLoss"
    },
    "supports_to_string": true,
    "supports_to_path": true,
    "lossy_to_types": []
  },
  "markdown": {
    "status": "alpha",
    "supports_from_formats": {
      "markdown": "LowLoss"
    },
    "supports_from_string": true,
    "supports_from_path": true,
    "lossy_from_types": [
      "Null",
      "Boolean",
      "Integer",
      "UnsignedInteger",
      "Number",
      "Array",
      "ArrayValidator",
      "Article",
      "AudioObject",
      "BooleanValidator",
      "Brand",
      "Button",
      "CallArgument",
      "CallBlock",
      "Cite",
      "CiteGroup",
      "Claim",
      "CodeChunk",
      "CodeExpression",
      "CodeLocation",
      "Collection",
      "Comment",
      "CompilationDigest",
      "CompilationError",
      "ConstantValidator",
      "ContactPoint",
      "CreativeWork",
      "Datatable",
      "DatatableColumn",
      "Date",
      "DateTime",
      "DateTimeValidator",
      "DateValidator",
      "DefinedTerm",
      "Delete",
      "Directory",
      "Duration",
      "DurationValidator",
      "EnumValidator",
      "Enumeration",
      "ExecutionDependant",
      "ExecutionDependency",
      "ExecutionError",
      "ExecutionTag",
      "Figure",
      "File",
      "ForBlock",
      "Form",
      "Function",
      "Grant",
      "IfBlock",
      "IfBlockClause",
      "ImageObject",
      "IncludeBlock",
      "Insert",
      "IntegerValidator",
      "Link",
      "List",
      "ListItem",
      "MediaObject",
      "MonetaryGrant",
      "Note",
      "NumberValidator",
      "Organization",
      "Parameter",
      "Periodical",
      "Person",
      "PostalAddress",
      "Product",
      "PropertyValue",
      "PublicationIssue",
      "PublicationVolume",
      "QuoteInline",
      "Review",
      "SoftwareApplication",
      "SoftwareSourceCode",
      "Strikeout",
      "StringValidator",
      "StyledInline",
      "Table",
      "TableCell",
      "TableRow",
      "Thing",
      "Time",
      "TimeValidator",
      "Timestamp",
      "TimestampValidator",
      "TupleValidator",
      "Variable",
      "VideoObject",
      "Object"
    ],
    "supports_to_formats": {
      "markdown": "LowLoss"
    },
    "supports_to_string": true,
    "supports_to_path": true,
    "lossy_to_types": [
      "Null",
      "Boolean",
      "Integer",
      "UnsignedInteger",
      "Number",
      "Array",
      "ArrayValidator",
      "Article",
      "AudioObject",
      "BooleanValidator",
      "Brand",
      "Button",
      "CallArgument",
      "CallBlock",
      "Cite",
      "CiteGroup",
      "Claim",
      "CodeChunk",
      "CodeExpression",
      "CodeLocation",
      "Collection",
      "Comment",
      "CompilationDigest",
      "CompilationError",
      "ConstantValidator",
      "ContactPoint",
      "CreativeWork",
      "Datatable",
      "DatatableColumn",
      "Date",
      "DateTime",
      "DateTimeValidator",
      "DateValidator",
      "DefinedTerm",
      "Delete",
      "Directory",
      "Duration",
      "DurationValidator",
      "EnumValidator",
      "Enumeration",
      "ExecutionDependant",
      "ExecutionDependency",
      "ExecutionError",
      "ExecutionTag",
      "Figure",
      "File",
      "ForBlock",
      "Form",
      "Function",
      "Grant",
      "IfBlock",
      "IfBlockClause",
      "ImageObject",
      "IncludeBlock",
      "Insert",
      "IntegerValidator",
      "Link",
      "List",
      "ListItem",
      "MediaObject",
      "MonetaryGrant",
      "Note",
      "NumberValidator",
      "Organization",
      "Parameter",
      "Periodical",
      "Person",
      "PostalAddress",
      "Product",
      "PropertyValue",
      "PublicationIssue",
      "PublicationVolume",
      "QuoteInline",
      "Review",
      "SoftwareApplication",
      "SoftwareSourceCode",
      "Strikeout",
      "StringValidator",
      "StyledInline",
      "Table",
      "TableCell",
      "TableRow",
      "Thing",
      "Time",
      "TimeValidator",
      "Timestamp",
      "TimestampValidator",
      "TupleValidator",
      "Variable",
      "VideoObject",
      "Object"
    ]
  },
  "text": {
    "status": "alpha",
    "supports_from_formats": {},
    "supports_from_string": true,
    "supports_from_path": true,
    "lossy_from_types": [
      "Null",
      "Boolean",
      "Integer",
      "UnsignedInteger",
      "Number",
      "String",
      "Cord",
      "Array",
      "Admonition",
      "ArrayValidator",
      "Article",
      "AudioObject",
      "BooleanValidator",
      "Brand",
      "Button",
      "CallArgument",
      "CallBlock",
      "Cite",
      "CiteGroup",
      "Claim",
      "CodeBlock",
      "CodeChunk",
      "CodeExpression",
      "CodeInline",
      "CodeLocation",
      "Collection",
      "Comment",
      "CompilationDigest",
      "CompilationError",
      "ConstantValidator",
      "ContactPoint",
      "CreativeWork",
      "Datatable",
      "DatatableColumn",
      "Date",
      "DateTime",
      "DateTimeValidator",
      "DateValidator",
      "DefinedTerm",
      "Delete",
      "Directory",
      "Duration",
      "DurationValidator",
      "Emphasis",
      "EnumValidator",
      "Enumeration",
      "ExecutionDependant",
      "ExecutionDependency",
      "ExecutionError",
      "ExecutionTag",
      "Figure",
      "File",
      "ForBlock",
      "Form",
      "Function",
      "Grant",
      "Heading",
      "IfBlock",
      "IfBlockClause",
      "ImageObject",
      "IncludeBlock",
      "Insert",
      "IntegerValidator",
      "Link",
      "List",
      "ListItem",
      "MathBlock",
      "MathInline",
      "MediaObject",
      "MonetaryGrant",
      "Note",
      "NumberValidator",
      "Organization",
      "Paragraph",
      "Parameter",
      "Periodical",
      "Person",
      "PostalAddress",
      "Product",
      "PropertyValue",
      "PublicationIssue",
      "PublicationVolume",
      "QuoteBlock",
      "QuoteInline",
      "Review",
      "Section",
      "SoftwareApplication",
      "SoftwareSourceCode",
      "Strikeout",
      "StringValidator",
      "Strong",
      "StyledBlock",
      "StyledInline",
      "Subscript",
      "Superscript",
      "Table",
      "TableCell",
      "TableRow",
      "Text",
      "ThematicBreak",
      "Thing",
      "Time",
      "TimeValidator",
      "Timestamp",
      "TimestampValidator",
      "TupleValidator",
      "Underline",
      "Variable",
      "VideoObject",
      "Object"
    ],
    "supports_to_formats": {
      "text": "HighLoss"
    },
    "supports_to_string": true,
    "supports_to_path": true,
    "lossy_to_types": [
      "Null",
      "Boolean",
      "Integer",
      "UnsignedInteger",
      "Number",
      "Cord",
      "Array",
      "Admonition",
      "ArrayValidator",
      "Article",
      "AudioObject",
      "BooleanValidator",
      "Brand",
      "Button",
      "CallArgument",
      "CallBlock",
      "Cite",
      "CiteGroup",
      "Claim",
      "CodeBlock",
      "CodeChunk",
      "CodeExpression",
      "CodeInline",
      "CodeLocation",
      "Collection",
      "Comment",
      "CompilationDigest",
      "CompilationError",
      "ConstantValidator",
      "ContactPoint",
      "CreativeWork",
      "Datatable",
      "DatatableColumn",
      "Date",
      "DateTime",
      "DateTimeValidator",
      "DateValidator",
      "DefinedTerm",
      "Delete",
      "Directory",
      "Duration",
      "DurationValidator",
      "Emphasis",
      "EnumValidator",
      "Enumeration",
      "ExecutionDependant",
      "ExecutionDependency",
      "ExecutionError",
      "ExecutionTag",
      "Figure",
      "File",
      "ForBlock",
      "Form",
      "Function",
      "Grant",
      "Heading",
      "IfBlock",
      "IfBlockClause",
      "ImageObject",
      "IncludeBlock",
      "Insert",
      "IntegerValidator",
      "Link",
      "List",
      "ListItem",
      "MathBlock",
      "MathInline",
      "MediaObject",
      "MonetaryGrant",
      "Note",
      "NumberValidator",
      "Organization",
      "Paragraph",
      "Parameter",
      "Periodical",
      "Person",
      "PostalAddress",
      "Product",
      "PropertyValue",
      "PublicationIssue",
      "PublicationVolume",
      "QuoteBlock",
      "QuoteInline",
      "Review",
      "Section",
      "SoftwareApplication",
      "SoftwareSourceCode",
      "Strikeout",
      "StringValidator",
      "Strong",
      "StyledBlock",
      "StyledInline",
      "Subscript",
      "Superscript",
      "Table",
      "TableCell",
      "TableRow",
      "ThematicBreak",
      "Thing",
      "Time",
      "TimeValidator",
      "Timestamp",
      "TimestampValidator",
      "TupleValidator",
      "Underline",
      "Variable",
      "VideoObject",
      "Object"
    ]
  },
  "yaml": {
    "status": "stable",
    "supports_from_formats": {
      "yaml": "NoLoss"
    },
    "supports_from_string": true,
    "supports_from_path": true,
    "lossy_from_types": [],
    "supports_to_formats": {
      "yaml": "NoLoss"
    },
    "supports_to_string": true,
    "supports_to_path": true,
    "lossy_to_types": []
  }
}
